MO isequal NULL test_sw.v vlg00/isequal.bin 1391580817
MO s3_test_sw NULL test_sw.v vlg46/s3__test__sw.bin 1391580817
MO s3_test_sw_lut NULL test_sw.v vlg12/s3__test__sw__lut.bin 1391580817
MO test_sw_lut NULL test_sw.v vlg7D/test__sw__lut.bin 1391580817
MO test_sw NULL test_sw.v vlg61/test__sw.bin 1391580817
