Release 14.7 - xst P.20131013 (nt)
Copyright (c) 1995-2013 Xilinx, Inc.  All rights reserved.
--> Parameter TMPDIR set to xst/projnav.tmp


Total REAL time to Xst completion: 0.00 secs
Total CPU time to Xst completion: 0.16 secs
 
--> Parameter xsthdpdir set to xst


Total REAL time to Xst completion: 0.00 secs
Total CPU time to Xst completion: 0.16 secs
 
--> Reading design: onesecond_bad.prj

TABLE OF CONTENTS
  1) Synthesis Options Summary
  2) HDL Compilation
  3) Design Hierarchy Analysis
  4) HDL Analysis
  5) HDL Synthesis
     5.1) HDL Synthesis Report
  6) Advanced HDL Synthesis
     6.1) Advanced HDL Synthesis Report
  7) Low Level Synthesis
  8) Partition Report
  9) Final Report
	9.1) Device utilization summary
	9.2) Partition Resource Summary
	9.3) TIMING REPORT


=========================================================================
*                      Synthesis Options Summary                        *
=========================================================================
---- Source Parameters
Input File Name                    : "onesecond_bad.prj"
Input Format                       : mixed
Ignore Synthesis Constraint File   : NO

---- Target Parameters
Output File Name                   : "onesecond_bad"
Output Format                      : NGC
Target Device                      : xc3s100e-5-cp132

---- Source Options
Top Module Name                    : onesecond_bad
Automatic FSM Extraction           : YES
FSM Encoding Algorithm             : Auto
Safe Implementation                : No
FSM Style                          : LUT
RAM Extraction                     : Yes
RAM Style                          : Auto
ROM Extraction                     : Yes
Mux Style                          : Auto
Decoder Extraction                 : YES
Priority Encoder Extraction        : Yes
Shift Register Extraction          : YES
Logical Shifter Extraction         : YES
XOR Collapsing                     : YES
ROM Style                          : Auto
Mux Extraction                     : Yes
Resource Sharing                   : YES
Asynchronous To Synchronous        : NO
Multiplier Style                   : Auto
Automatic Register Balancing       : No

---- Target Options
Add IO Buffers                     : YES
Global Maximum Fanout              : 100000
Add Generic Clock Buffer(BUFG)     : 24
Register Duplication               : YES
Slice Packing                      : YES
Optimize Instantiated Primitives   : NO
Use Clock Enable                   : Yes
Use Synchronous Set                : Yes
Use Synchronous Reset              : Yes
Pack IO Registers into IOBs        : Auto
Equivalent register Removal        : YES

---- General Options
Optimization Goal                  : Speed
Optimization Effort                : 1
Keep Hierarchy                     : No
Netlist Hierarchy                  : As_Optimized
RTL Output                         : Yes
Global Optimization                : AllClockNets
Read Cores                         : YES
Write Timing Constraints           : NO
Cross Clock Analysis               : NO
Hierarchy Separator                : /
Bus Delimiter                      : <>
Case Specifier                     : Maintain
Slice Utilization Ratio            : 100
BRAM Utilization Ratio             : 100
Verilog 2001                       : YES
Auto BRAM Packing                  : NO
Slice Utilization Ratio Delta      : 5

=========================================================================


=========================================================================
*                          HDL Compilation                              *
=========================================================================
Compiling verilog file "onesecond.v" in library work
Module <counter> compiled
Compiling verilog file "hex2_7seg_lut.v" in library work
Module <onesecond_bad> compiled
Module <hex2_7seg_lut> compiled
No errors in compilation
Analysis of file <"onesecond_bad.prj"> succeeded.
 

=========================================================================
*                     Design Hierarchy Analysis                         *
=========================================================================
Analyzing hierarchy for module <onesecond_bad> in library <work> with parameters.
	C = "00000000000000000000000000011010"
	CRYSTAL = "00000000000000000000000000110010"
	N = "00000000000000000000000000000111"
	NUM_SEC = "00000000000000000000000000000001"
	STOPAT = "00000010111110101111000001111111"
	W = "00000000000000000000000000000100"

Analyzing hierarchy for module <counter> in library <work> with parameters.
	N = "00000000000000000000000000011010"

Analyzing hierarchy for module <counter> in library <work> with parameters.
	N = "00000000000000000000000000000100"

Analyzing hierarchy for module <hex2_7seg_lut> in library <work>.


=========================================================================
*                            HDL Analysis                               *
=========================================================================
Analyzing top module <onesecond_bad>.
	C = 32'sb00000000000000000000000000011010
	CRYSTAL = 32'sb00000000000000000000000000110010
	N = 32'sb00000000000000000000000000000111
	NUM_SEC = 32'sb00000000000000000000000000000001
	STOPAT = 32'sb00000010111110101111000001111111
	W = 32'sb00000000000000000000000000000100
Module <onesecond_bad> is correct for synthesis.
 
Analyzing module <counter.1> in library <work>.
	N = 32'sb00000000000000000000000000011010
Module <counter.1> is correct for synthesis.
 
Analyzing module <counter.2> in library <work>.
	N = 32'sb00000000000000000000000000000100
Module <counter.2> is correct for synthesis.
 
Analyzing module <hex2_7seg_lut> in library <work>.
Module <hex2_7seg_lut> is correct for synthesis.
 
    Set user-defined property "INIT =  2812" for instance <CA> in unit <hex2_7seg_lut>.
    Set user-defined property "INIT =  D860" for instance <CB> in unit <hex2_7seg_lut>.
    Set user-defined property "INIT =  D004" for instance <CC> in unit <hex2_7seg_lut>.
    Set user-defined property "INIT =  8492" for instance <CD> in unit <hex2_7seg_lut>.
    Set user-defined property "INIT =  02BA" for instance <CE> in unit <hex2_7seg_lut>.
    Set user-defined property "INIT =  208E" for instance <CF> in unit <hex2_7seg_lut>.
    Set user-defined property "INIT =  1083" for instance <CG> in unit <hex2_7seg_lut>.

=========================================================================
*                           HDL Synthesis                               *
=========================================================================

Performing bidirectional port resolution...

Synthesizing Unit <counter_1>.
    Related source file is "onesecond.v".
    Found 26-bit up counter for signal <q>.
    Summary:
	inferred   1 Counter(s).
Unit <counter_1> synthesized.


Synthesizing Unit <counter_2>.
    Related source file is "onesecond.v".
    Found 4-bit up counter for signal <q>.
    Summary:
	inferred   1 Counter(s).
Unit <counter_2> synthesized.


Synthesizing Unit <hex2_7seg_lut>.
    Related source file is "hex2_7seg_lut.v".
Unit <hex2_7seg_lut> synthesized.


Synthesizing Unit <onesecond_bad>.
    Related source file is "onesecond.v".
Unit <onesecond_bad> synthesized.


=========================================================================
HDL Synthesis Report

Macro Statistics
# Counters                                             : 2
 26-bit up counter                                     : 1
 4-bit up counter                                      : 1

=========================================================================

=========================================================================
*                       Advanced HDL Synthesis                          *
=========================================================================


=========================================================================
Advanced HDL Synthesis Report

Macro Statistics
# Counters                                             : 2
 26-bit up counter                                     : 1
 4-bit up counter                                      : 1

=========================================================================

=========================================================================
*                         Low Level Synthesis                           *
=========================================================================

Optimizing unit <onesecond_bad> ...

Mapping all equations...
Building and optimizing final netlist ...
Found area constraint ratio of 100 (+ 5) on block onesecond_bad, actual ratio is 2.

Final Macro Processing ...

=========================================================================
Final Register Report

Macro Statistics
# Registers                                            : 30
 Flip-Flops                                            : 30

=========================================================================

=========================================================================
*                           Partition Report                            *
=========================================================================

Partition Implementation Status
-------------------------------

  No Partitions were found in this design.

-------------------------------

=========================================================================
*                            Final Report                               *
=========================================================================
Final Results
RTL Top Level Output File Name     : onesecond_bad.ngr
Top Level Output File Name         : onesecond_bad
Output Format                      : NGC
Optimization Goal                  : Speed
Keep Hierarchy                     : No

Design Statistics
# IOs                              : 17

Cell Usage :
# BELS                             : 105
#      GND                         : 1
#      INV                         : 2
#      LUT1                        : 25
#      LUT2                        : 3
#      LUT3                        : 1
#      LUT4                        : 14
#      MUXCY                       : 32
#      VCC                         : 1
#      XORCY                       : 26
# FlipFlops/Latches                : 30
#      FDC                         : 30
# Clock Buffers                    : 1
#      BUFGP                       : 1
# IO Buffers                       : 16
#      IBUF                        : 1
#      OBUF                        : 15
=========================================================================

Device utilization summary:
---------------------------

Selected Device : 3s100ecp132-5 

 Number of Slices:                       23  out of    960     2%  
 Number of Slice Flip Flops:             30  out of   1920     1%  
 Number of 4 input LUTs:                 45  out of   1920     2%  
 Number of IOs:                          17
 Number of bonded IOBs:                  17  out of     83    20%  
 Number of GCLKs:                         1  out of     24     4%  

---------------------------
Partition Resource Summary:
---------------------------

  No Partitions were found in this design.

---------------------------


=========================================================================
TIMING REPORT

NOTE: THESE TIMING NUMBERS ARE ONLY A SYNTHESIS ESTIMATE.
      FOR ACCURATE TIMING INFORMATION PLEASE REFER TO THE TRACE REPORT
      GENERATED AFTER PLACE-and-ROUTE.

Clock Information:
------------------
--------------------------------------------------------+------------------------+-------+
Clock Signal                                            | Clock buffer(FF name)  | Load  |
--------------------------------------------------------+------------------------+-------+
CLK1                                                    | BUFGP                  | 26    |
one_second_clock(one_second_clock_cmp_eq0000_wg_cy<6>:O)| NONE(*)(S/q_0)         | 4     |
--------------------------------------------------------+------------------------+-------+
(*) This 1 clock signal(s) are generated by combinatorial logic,
and XST is not able to identify which are the primary clock signals.
Please use the CLOCK_SIGNAL constraint to specify the clock signal(s) generated by combinatorial logic.
INFO:Xst:2169 - HDL ADVISOR - Some clock signals were not automatically buffered by XST with BUFG/BUFR resources. Please use the buffer_type constraint in order to insert these buffers to the clock signals to help prevent skew problems.

Asynchronous Control Signals Information:
----------------------------------------
-----------------------------------+------------------------+-------+
Control Signal                     | Buffer(FF name)        | Load  |
-----------------------------------+------------------------+-------+
_or0000(_or00001:O)                | NONE(U/q_0)            | 26    |
arst                               | IBUF                   | 4     |
-----------------------------------+------------------------+-------+

Timing Summary:
---------------
Speed Grade: -5

   Minimum period: 4.213ns (Maximum Frequency: 237.335MHz)
   Minimum input arrival time before clock: No path found
   Maximum output required time after clock: 5.621ns
   Maximum combinational path delay: No path found

Timing Detail:
--------------
All values displayed in nanoseconds (ns)

=========================================================================
Timing constraint: Default period analysis for Clock 'CLK1'
  Clock period: 4.213ns (frequency: 237.335MHz)
  Total number of paths / destination ports: 351 / 26
-------------------------------------------------------------------------
Delay:               4.213ns (Levels of Logic = 26)
  Source:            U/q_1 (FF)
  Destination:       U/q_25 (FF)
  Source Clock:      CLK1 rising
  Destination Clock: CLK1 rising

  Data Path: U/q_1 to U/q_25
                                Gate     Net
    Cell:in->out      fanout   Delay   Delay  Logical Name (Net Name)
    ----------------------------------------  ------------
     FDC:C->Q              2   0.514   0.532  U/q_1 (U/q_1)
     LUT1:I0->O            1   0.612   0.000  U/Mcount_q_cy<1>_rt (U/Mcount_q_cy<1>_rt)
     MUXCY:S->O            1   0.404   0.000  U/Mcount_q_cy<1> (U/Mcount_q_cy<1>)
     MUXCY:CI->O           1   0.052   0.000  U/Mcount_q_cy<2> (U/Mcount_q_cy<2>)
     MUXCY:CI->O           1   0.052   0.000  U/Mcount_q_cy<3> (U/Mcount_q_cy<3>)
     MUXCY:CI->O           1   0.052   0.000  U/Mcount_q_cy<4> (U/Mcount_q_cy<4>)
     MUXCY:CI->O           1   0.051   0.000  U/Mcount_q_cy<5> (U/Mcount_q_cy<5>)
     MUXCY:CI->O           1   0.051   0.000  U/Mcount_q_cy<6> (U/Mcount_q_cy<6>)
     MUXCY:CI->O           1   0.051   0.000  U/Mcount_q_cy<7> (U/Mcount_q_cy<7>)
     MUXCY:CI->O           1   0.051   0.000  U/Mcount_q_cy<8> (U/Mcount_q_cy<8>)
     MUXCY:CI->O           1   0.051   0.000  U/Mcount_q_cy<9> (U/Mcount_q_cy<9>)
     MUXCY:CI->O           1   0.051   0.000  U/Mcount_q_cy<10> (U/Mcount_q_cy<10>)
     MUXCY:CI->O           1   0.051   0.000  U/Mcount_q_cy<11> (U/Mcount_q_cy<11>)
     MUXCY:CI->O           1   0.051   0.000  U/Mcount_q_cy<12> (U/Mcount_q_cy<12>)
     MUXCY:CI->O           1   0.051   0.000  U/Mcount_q_cy<13> (U/Mcount_q_cy<13>)
     MUXCY:CI->O           1   0.051   0.000  U/Mcount_q_cy<14> (U/Mcount_q_cy<14>)
     MUXCY:CI->O           1   0.051   0.000  U/Mcount_q_cy<15> (U/Mcount_q_cy<15>)
     MUXCY:CI->O           1   0.051   0.000  U/Mcount_q_cy<16> (U/Mcount_q_cy<16>)
     MUXCY:CI->O           1   0.051   0.000  U/Mcount_q_cy<17> (U/Mcount_q_cy<17>)
     MUXCY:CI->O           1   0.051   0.000  U/Mcount_q_cy<18> (U/Mcount_q_cy<18>)
     MUXCY:CI->O           1   0.051   0.000  U/Mcount_q_cy<19> (U/Mcount_q_cy<19>)
     MUXCY:CI->O           1   0.051   0.000  U/Mcount_q_cy<20> (U/Mcount_q_cy<20>)
     MUXCY:CI->O           1   0.051   0.000  U/Mcount_q_cy<21> (U/Mcount_q_cy<21>)
     MUXCY:CI->O           1   0.051   0.000  U/Mcount_q_cy<22> (U/Mcount_q_cy<22>)
     MUXCY:CI->O           1   0.051   0.000  U/Mcount_q_cy<23> (U/Mcount_q_cy<23>)
     MUXCY:CI->O           0   0.051   0.000  U/Mcount_q_cy<24> (U/Mcount_q_cy<24>)
     XORCY:CI->O           1   0.699   0.000  U/Mcount_q_xor<25> (Result<25>)
     FDC:D                     0.268          U/q_25
    ----------------------------------------
    Total                      4.213ns (3.682ns logic, 0.532ns route)
                                       (87.4% logic, 12.6% route)

=========================================================================
Timing constraint: Default period analysis for Clock 'one_second_clock'
  Clock period: 2.568ns (frequency: 389.431MHz)
  Total number of paths / destination ports: 10 / 4
-------------------------------------------------------------------------
Delay:               2.568ns (Levels of Logic = 1)
  Source:            S/q_0 (FF)
  Destination:       S/q_0 (FF)
  Source Clock:      one_second_clock rising
  Destination Clock: one_second_clock rising

  Data Path: S/q_0 to S/q_0
                                Gate     Net
    Cell:in->out      fanout   Delay   Delay  Logical Name (Net Name)
    ----------------------------------------  ------------
     FDC:C->Q             12   0.514   0.817  S/q_0 (S/q_0)
     INV:I->O              1   0.612   0.357  S/Mcount_q_xor<0>11_INV_0 (Result<0>1)
     FDC:D                     0.268          S/q_0
    ----------------------------------------
    Total                      2.568ns (1.394ns logic, 1.174ns route)
                                       (54.3% logic, 45.7% route)

=========================================================================
Timing constraint: Default OFFSET OUT AFTER for Clock 'one_second_clock'
  Total number of paths / destination ports: 32 / 11
-------------------------------------------------------------------------
Offset:              5.621ns (Levels of Logic = 2)
  Source:            S/q_0 (FF)
  Destination:       seg<0> (PAD)
  Source Clock:      one_second_clock rising

  Data Path: S/q_0 to seg<0>
                                Gate     Net
    Cell:in->out      fanout   Delay   Delay  Logical Name (Net Name)
    ----------------------------------------  ------------
     FDC:C->Q             12   0.514   0.969  S/q_0 (S/q_0)
     LUT4:I0->O            1   0.612   0.357  D/CG (seg_6_OBUF)
     OBUF:I->O                 3.169          seg_6_OBUF (seg<6>)
    ----------------------------------------
    Total                      5.621ns (4.295ns logic, 1.326ns route)
                                       (76.4% logic, 23.6% route)

=========================================================================


Total REAL time to Xst completion: 6.00 secs
Total CPU time to Xst completion: 5.36 secs
 
--> 

Total memory usage is 150380 kilobytes

Number of errors   :    0 (   0 filtered)
Number of warnings :    0 (   0 filtered)
Number of infos    :    1 (   0 filtered)

