--------------------------------------------------------------------------------
Release 14.7 Trace  (nt)
Copyright (c) 1995-2013 Xilinx, Inc.  All rights reserved.

C:\Xilinx\14.7\ISE_DS\ISE\bin\nt\unwrapped\trce.exe -intstyle ise -v 3 -s 5 -n
3 -fastpaths -xml sum.twx sum.ncd -o sum.twr sum.pcf -ucf board.ucf

Design file:              sum.ncd
Physical constraint file: sum.pcf
Device,package,speed:     xc3s100e,cp132,-5 (PRODUCTION 1.27 2013-10-13)
Report level:             verbose report

Environment Variable      Effect 
--------------------      ------ 
NONE                      No environment variables were set
--------------------------------------------------------------------------------

INFO:Timing:2698 - No timing constraints found, doing default enumeration.
INFO:Timing:3412 - To improve timing, see the Timing Closure User Guide (UG612).
INFO:Timing:2752 - To get complete path coverage, use the unconstrained paths 
   option. All paths that are not constrained will be reported in the 
   unconstrained paths section(s) of the report.
INFO:Timing:3339 - The clock-to-out numbers in this timing report are based on 
   a 50 Ohm transmission line loading model.  For the details of this model, 
   and for more information on accounting for different loading conditions, 
   please see the device datasheet.
INFO:Timing:3390 - This architecture does not support a default System Jitter 
   value, please add SYSTEM_JITTER constraint to the UCF to modify the Clock 
   Uncertainty calculation.
INFO:Timing:3389 - This architecture does not support 'Discrete Jitter' and 
   'Phase Error' calculations, these terms will be zero in the Clock 
   Uncertainty calculation.  Please make appropriate modification to 
   SYSTEM_JITTER to account for the unsupported Discrete Jitter and Phase 
   Error.



Data Sheet report:
-----------------
All values displayed in nanoseconds (ns)

Setup/Hold to clock CLK1
------------+------------+------------+------------------+--------+
            |Max Setup to|Max Hold to |                  | Clock  |
Source      | clk (edge) | clk (edge) |Internal Clock(s) | Phase  |
------------+------------+------------+------------------+--------+
arst        |    1.958(R)|    0.185(R)|CLK1_BUFGP        |   0.000|
------------+------------+------------+------------------+--------+

Clock CLK1 to Pad
------------+------------+------------------+--------+
            | clk (edge) |                  | Clock  |
Destination |   to PAD   |Internal Clock(s) | Phase  |
------------+------------+------------------+--------+
Led<0>      |    7.201(R)|CLK1_BUFGP        |   0.000|
Led<1>      |    7.741(R)|CLK1_BUFGP        |   0.000|
Led<2>      |    7.395(R)|CLK1_BUFGP        |   0.000|
Led<3>      |    6.979(R)|CLK1_BUFGP        |   0.000|
Led<4>      |    7.184(R)|CLK1_BUFGP        |   0.000|
Led<5>      |    7.710(R)|CLK1_BUFGP        |   0.000|
Led<6>      |    7.449(R)|CLK1_BUFGP        |   0.000|
Led<7>      |    7.689(R)|CLK1_BUFGP        |   0.000|
an<0>       |    8.118(R)|CLK1_BUFGP        |   0.000|
an<1>       |    8.461(R)|CLK1_BUFGP        |   0.000|
an<2>       |    8.834(R)|CLK1_BUFGP        |   0.000|
an<3>       |    8.314(R)|CLK1_BUFGP        |   0.000|
seg<0>      |   33.488(R)|CLK1_BUFGP        |   0.000|
seg<1>      |   33.311(R)|CLK1_BUFGP        |   0.000|
seg<2>      |   33.999(R)|CLK1_BUFGP        |   0.000|
seg<3>      |   34.267(R)|CLK1_BUFGP        |   0.000|
seg<4>      |   33.867(R)|CLK1_BUFGP        |   0.000|
seg<5>      |   33.431(R)|CLK1_BUFGP        |   0.000|
seg<6>      |   33.939(R)|CLK1_BUFGP        |   0.000|
------------+------------+------------------+--------+

Clock to Setup on destination clock CLK1
---------------+---------+---------+---------+---------+
               | Src:Rise| Src:Fall| Src:Rise| Src:Fall|
Source Clock   |Dest:Rise|Dest:Rise|Dest:Fall|Dest:Fall|
---------------+---------+---------+---------+---------+
CLK1           |    7.518|         |         |         |
---------------+---------+---------+---------+---------+


Analysis completed Tue Mar 18 19:40:36 2014 
--------------------------------------------------------------------------------

Trace Settings:
-------------------------
Trace Settings 

Peak Memory Usage: 93 MB



